timestamp: 2014-01-26 19:01:01

procs -----------memory---------- ---swap-- -----io---- -system-- ----cpu----
 r  b   swpd   free   buff  cache   si   so    bi    bo   in   cs us sy id wa
 1  0      0 1086668 153656 476276    0    0   223    75 2097  358  4 96  0  0

Running Deployment Unit Test Suite at  timestamp: 2014-01-26 19:01:01

Apache Unit Test
Unit Test 1  - Is Apache Running?
Apache process is Running at timestamp: 2014-01-26 19:01:01
Apache is Listening at timestamp: 2014-01-26 19:01:01
End of process

Unit Test For MySql
Is MySql Listening?
Is MySql Running?
1
Mysql is Running at timestamp: 2014-01-26 19:01:01
Mysql is Listening at timestamp: 2014-01-26 19:01:01
End of Process

There is/are 5 apache2 processes running
There is/are 2 mysql processes running
There is/are 1 http processes running
There is/are 2 TCP processes running

Monitoring progress
Deployment Testing Completed at  timestamp: 2014-01-26 19:01:01
Everything working well
timestamp: 2014-01-26 20:01:01

Running vmstat
procs -----------memory---------- ---swap-- -----io---- -system-- ----cpu----
 r  b   swpd   free   buff  cache   si   so    bi    bo   in   cs us sy id wa
 0  0      0 1053792 157908 502940    0    0   197   151 2096  365  6 94  0  0

Running Deployment Unit Test Suite at 2014-01-26 20:01:01

Apache Unit Test
Unit Test 1  - Is Apache Running?
Apache process is Running at timestamp: 2014-01-26 20:01:01
Apache is Listening at timestamp: 2014-01-26 20:01:01
End of process

Unit Test For MySql
Is MySql Listening?
Is MySql Running?
1
Mysql is Running at timestamp: 2014-01-26 20:01:01
Mysql is Listening at timestamp: 2014-01-26 20:01:01
End of Process

There is/are 5 apache2 processes running
There is/are 2 mysql processes running
There is/are 1 http processes running
There is/are 2 TCP processes running

Deployment Testing Completed at 2014-01-26 20:01:02

Everything working well

